// Jest Snapshot v1, https://goo.gl/fbAQLP

exports[`Pruebas en HomeScreen Debe de mostrarse correctamete 1`] = `
<div>
  <h1>
    Home
  </h1>
  <hr />
  <pre>
    {
   "name": "Karen",
   "email": "Ley@live.com"
}
  </pre>
</div>
`;
