// Jest Snapshot v1, https://goo.gl/fbAQLP

exports[`Prueba a HookApp Debe mostrarse correctamente 1`] = `
<div>
  <h1>
    Hi
  </h1>
</div>
`;
