// Jest Snapshot v1, https://goo.gl/fbAQLP

exports[`Pruebas en RealExampleUseRef Debe mostrarse correctamente 1`] = `
<div>
  <h1>
    Real Example useRef
  </h1>
  <hr />
  <button
    className="btn btn-primary mt-4"
    onClick={[Function]}
  >
    Show/hide
  </button>
</div>
`;
